// Jest Snapshot v1, https://goo.gl/fbAQLP

exports[`renders correctly 1`] = `
ShallowWrapper {
  "complexSelector": ComplexSelector {
    "buildPredicate": [Function],
    "childrenOfNode": [Function],
    "findWhereUnwrapped": [Function],
  },
  "length": 1,
  "node": <styled.div>
    <div
        className="category-div"
    >
        <li
            className="category-text"
            onClick={undefined}
            value="0"
        >
            Todo
        </li>
    </div>
    <div>
        
    </div>
</styled.div>,
  "nodes": Array [
    <styled.div>
      <div
            className="category-div"
      >
            <li
                  className="category-text"
                  onClick={undefined}
                  value="0"
            >
                  Todo
            </li>
      </div>
      <div>
            
      </div>
</styled.div>,
  ],
  "options": Object {},
  "renderer": ReactShallowRenderer {
    "_instance": ShallowComponentWrapper {
      "_calledComponentWillUnmount": false,
      "_compositeType": 2,
      "_context": Object {},
      "_currentElement": <CategoryList
        categories={
                Array [
                        Object {
                          "desc": "Get things done today",
                          "id": 0,
                          "name": "Todo",
                        },
                      ]
        }
/>,
      "_debugID": 1,
      "_hostContainerInfo": null,
      "_hostParent": null,
      "_instance": StatelessComponent {
        "_reactInternalInstance": [Circular],
        "context": Object {},
        "props": Object {
          "categories": Array [
            Object {
              "desc": "Get things done today",
              "id": 0,
              "name": "Todo",
            },
          ],
        },
        "refs": Object {},
        "state": null,
        "updater": Object {
          "enqueueCallback": [Function],
          "enqueueCallbackInternal": [Function],
          "enqueueElementInternal": [Function],
          "enqueueForceUpdate": [Function],
          "enqueueReplaceState": [Function],
          "enqueueSetState": [Function],
          "isMounted": [Function],
          "validateCallback": [Function],
        },
      },
      "_mountOrder": 1,
      "_pendingCallbacks": null,
      "_pendingElement": null,
      "_pendingForceUpdate": false,
      "_pendingReplaceState": false,
      "_pendingStateQueue": null,
      "_renderedComponent": NoopInternalComponent {
        "_currentElement": <styled.div>
          <div
                    className="category-div"
          >
                    <li
                              className="category-text"
                              onClick={undefined}
                              value="0"
                    >
                              Todo
                    </li>
          </div>
          <div>
                    
          </div>
</styled.div>,
        "_debugID": 2,
        "_renderedOutput": <styled.div>
          <div
                    className="category-div"
          >
                    <li
                              className="category-text"
                              onClick={undefined}
                              value="0"
                    >
                              Todo
                    </li>
          </div>
          <div>
                    
          </div>
</styled.div>,
      },
      "_renderedNodeType": 1,
      "_rootNodeID": 0,
      "_topLevelWrapper": null,
      "_updateBatchNumber": null,
      "_warnedAboutRefsInRender": false,
    },
    "getRenderOutput": [Function],
    "render": [Function],
  },
  "root": [Circular],
  "unrendered": <CategoryList
    categories={
        Array [
            Object {
              "desc": "Get things done today",
              "id": 0,
              "name": "Todo",
            },
          ]
    }
/>,
}
`;
